// Jest Snapshot v1, https://goo.gl/fbAQLP

exports[`App renders properly 1`] = `
ShallowWrapper {
  "length": 1,
  Symbol(enzyme.__root__): [Circular],
  Symbol(enzyme.__unrendered__): <App />,
  Symbol(enzyme.__renderer__): Object {
    "batchedUpdates": [Function],
    "getNode": [Function],
    "render": [Function],
    "simulateEvent": [Function],
    "unmount": [Function],
  },
  Symbol(enzyme.__node__): Object {
    "instance": null,
    "key": undefined,
    "nodeType": "host",
    "props": Object {
      "children": Array [
        <h2>
          Wallet
</h2>,
        <hr />,
        <Connect(Wallet) />,
        <hr />,
        <Connect(Loot) />,
        <p
          className="jestCoverage"
>
          * Fully Jest tested to a coverage of %95.12
</p>,
        <a
          className="githubLink"
          href="https://github.com/DavidWallJ/jest-react-redux-checkloot"
          target="_blank"
>
          View the code on Github
</a>,
      ],
      "className": "App",
    },
    "ref": null,
    "rendered": Array [
      Object {
        "instance": null,
        "key": undefined,
        "nodeType": "host",
        "props": Object {
          "children": "Wallet",
        },
        "ref": null,
        "rendered": "Wallet",
        "type": "h2",
      },
      Object {
        "instance": null,
        "key": undefined,
        "nodeType": "host",
        "props": Object {},
        "ref": null,
        "rendered": null,
        "type": "hr",
      },
      Object {
        "instance": null,
        "key": undefined,
        "nodeType": "class",
        "props": Object {},
        "ref": null,
        "rendered": null,
        "type": [Function],
      },
      Object {
        "instance": null,
        "key": undefined,
        "nodeType": "host",
        "props": Object {},
        "ref": null,
        "rendered": null,
        "type": "hr",
      },
      Object {
        "instance": null,
        "key": undefined,
        "nodeType": "class",
        "props": Object {},
        "ref": null,
        "rendered": null,
        "type": [Function],
      },
      Object {
        "instance": null,
        "key": undefined,
        "nodeType": "host",
        "props": Object {
          "children": "* Fully Jest tested to a coverage of %95.12",
          "className": "jestCoverage",
        },
        "ref": null,
        "rendered": "* Fully Jest tested to a coverage of %95.12",
        "type": "p",
      },
      Object {
        "instance": null,
        "key": undefined,
        "nodeType": "host",
        "props": Object {
          "children": "View the code on Github",
          "className": "githubLink",
          "href": "https://github.com/DavidWallJ/jest-react-redux-checkloot",
          "target": "_blank",
        },
        "ref": null,
        "rendered": "View the code on Github",
        "type": "a",
      },
    ],
    "type": "div",
  },
  Symbol(enzyme.__nodes__): Array [
    Object {
      "instance": null,
      "key": undefined,
      "nodeType": "host",
      "props": Object {
        "children": Array [
          <h2>
            Wallet
</h2>,
          <hr />,
          <Connect(Wallet) />,
          <hr />,
          <Connect(Loot) />,
          <p
            className="jestCoverage"
>
            * Fully Jest tested to a coverage of %95.12
</p>,
          <a
            className="githubLink"
            href="https://github.com/DavidWallJ/jest-react-redux-checkloot"
            target="_blank"
>
            View the code on Github
</a>,
        ],
        "className": "App",
      },
      "ref": null,
      "rendered": Array [
        Object {
          "instance": null,
          "key": undefined,
          "nodeType": "host",
          "props": Object {
            "children": "Wallet",
          },
          "ref": null,
          "rendered": "Wallet",
          "type": "h2",
        },
        Object {
          "instance": null,
          "key": undefined,
          "nodeType": "host",
          "props": Object {},
          "ref": null,
          "rendered": null,
          "type": "hr",
        },
        Object {
          "instance": null,
          "key": undefined,
          "nodeType": "class",
          "props": Object {},
          "ref": null,
          "rendered": null,
          "type": [Function],
        },
        Object {
          "instance": null,
          "key": undefined,
          "nodeType": "host",
          "props": Object {},
          "ref": null,
          "rendered": null,
          "type": "hr",
        },
        Object {
          "instance": null,
          "key": undefined,
          "nodeType": "class",
          "props": Object {},
          "ref": null,
          "rendered": null,
          "type": [Function],
        },
        Object {
          "instance": null,
          "key": undefined,
          "nodeType": "host",
          "props": Object {
            "children": "* Fully Jest tested to a coverage of %95.12",
            "className": "jestCoverage",
          },
          "ref": null,
          "rendered": "* Fully Jest tested to a coverage of %95.12",
          "type": "p",
        },
        Object {
          "instance": null,
          "key": undefined,
          "nodeType": "host",
          "props": Object {
            "children": "View the code on Github",
            "className": "githubLink",
            "href": "https://github.com/DavidWallJ/jest-react-redux-checkloot",
            "target": "_blank",
          },
          "ref": null,
          "rendered": "View the code on Github",
          "type": "a",
        },
      ],
      "type": "div",
    },
  ],
  Symbol(enzyme.__options__): Object {
    "adapter": ReactSixteenAdapter {
      "options": Object {
        "enableComponentDidUpdateOnSetState": true,
      },
    },
    "disableLifecycleMethods": true,
  },
}
`;
